 AS V1.42 Beta [Bld 82] - source file L_S_RAM2_TEST.asm - page 1 - 4/10/2012 13:06:03


       1/       0 :                     ; POLY-COMPUTER 880
       2/       0 :                     ;
       3/       0 :                     ; 11. Prüfprogramme für den POLY-COMPUTER
       4/       0 :                     ; Bedienhandbuch, S. 67-79
       5/       0 :                     ;
       6/       0 :                     ; assemblieren mit Arnold-Assembler www.alfsembler.de
       7/       0 :                     ; vp120210
       8/       0 :                     ;
       9/       0 :                     	cpu	z80
      10/       0 :                     
      11/       0 :                     ;*************************************************************************
      12/       0 :                     ;
      13/       0 :                     ; 	TEST DER UNTEREN HAELFTE DES RAM IM POLY-COMPUTER
      14/       0 :                     ;
      15/       0 :                     ;*************************************************************************
      16/       0 :                     ;
      17/       0 :                     ; 	STRATEGIE: DER ZU TESTENDE BEREICH WIRD MIT NULL-BITS GEFUELLT.
      18/       0 :                     ; 		   DER REIHE NACH WERDEN ALLE BYTES AUF FF GESETZT UND
      19/       0 :                     ;		   ES WIRD GEPRUEFT, OB DABEI KEINE ANDEREN BITS VER-
      20/       0 :                     ;		   AENDERT WERDEN. DAMIT WIRD DIE ADRESSDEKODIERUNG
      21/       0 :                     ; 		   BZW. DIE ZUFUEHRUNG DER ADRESSE ZU DEN RAMS UND DIE
      22/       0 :                     ;		   INTERNE BITUNABHAENGIGKEIT UEBERPRUEFT.
      23/       0 :                     ;		   BEI ERKANNTEN FEHLERN FOLGT DIE AUSGABE :
      24/       0 :                     ;		   	ER<ADRESSE><GELESENE DATEN>
      25/       0 :                     ;		   IN DER ANZEIGEEINHEIT.
      26/       0 :                     ;
      27/       0 :                     ;*************************************************************************
      28/    4200 :                     	ORG  	4200H
      29/    4200 : 31 00 43            	LD  	SP,4300H
      30/    4203 : 11 00 40            	LD  	DE,4000H
      31/    4206 : 01 00 02            	LD  	BC,200H
      32/    4209 : C5                  LSRAM1  PUSH  	BC
      33/    420A : D5                  	PUSH  	DE
      34/    420B : 21 00 40            	LD  	HL,4000H 	; RAM MIT NULLEN FUELLEN
      35/    420E : 36 00               	LD  	(HL),00H
      36/    4210 : 5D                  	LD  	E,L
      37/    4211 : 54                  	LD  	D,H
      38/    4212 : 01 FF 01            	LD  	BC,1FFH
      39/    4215 : 13                   	INC  	DE
      40/    4216 : ED B0               	LDIR
      41/    4218 : D1                  	POP  	DE
      42/    4219 : 3E FF               	LD  	A,0FFH
      43/    421B : 12                  	LD  	(DE),A
      44/    421C : 21 00 40            	LD  	HL,4000H
      45/    421F : 01 00 02            	LD  	BC,200H
      46/    4222 : 3E 00               LSRAM2  LD  	A,00H
      47/    4224 : BE                  	CP  	(HL)
      48/    4225 : 28 0E               	JR	Z,LSRAM3
      49/    4227 : E5                  	PUSH  	HL
      50/    4228 : A7                  	AND  	A
      51/    4229 : ED 52               	SBC  	HL,DE
      52/    422B : E1                  	POP  	HL
      53/    422C : 20 1F               	JR	NZ,LSRAM6
      54/    422E : 3E FF               	LD  	A,0FFH
      55/    4230 : BE                  	CP  	(HL)
      56/    4231 : 20 1A               	JR	NZ,LSRAM6
      57/    4233 : 3E 00               	LD  	A,00H
      58/    4235 : 0B                  LSRAM3  DEC  	BC		; KEIN FEHLER
      59/    4236 : 23                  	INC  	HL
      60/    4237 : 79                  	LD  	A,C
 AS V1.42 Beta [Bld 82] - source file L_S_RAM2_TEST.asm - page 2 - 4/10/2012 13:06:03


      61/    4238 : B0                  	OR  	B
      62/    4239 : 20 E7               	JR	NZ,LSRAM2  	; EINE BELEGUNG PRUEFEN
      63/    423B : 13                  LSRAM4  INC  	DE
      64/    423C : C1                  	POP  	BC
      65/    423D : 0B                  	DEC  	BC
      66/    423E : 79                  	LD  	A,C
      67/    423F : B0                  	OR  	B
      68/    4240 : 20 C7               	JR	NZ,LSRAM1
      69/    4242 : 11 00 71            	LD  	DE,7100H  	; ANZEIGE FERTIG
      70/    4245 : CD AC 02            	CALL  	KOMDAR
      71/    4248 : CD 4B 01            LSRAM5  CALL  	TASTU
      72/    424B : 18 FB               	JR  	LSRAM5
      73/    424D : E5                  LSRAM6  PUSH  	HL  		; FEHLER ERKANNT
      74/    424E : 11 11 73            	LD  	DE,7311H  	; ER AUSGEBEN
      75/    4251 : CD AC 02            	CALL  	KOMDAR
      76/    4254 : E1                  	POP  	HL  		; ADRESSE
      77/    4255 : E5                  	PUSH  	HL
      78/    4256 : CD 2D 03            	CALL  	ADRAUS
      79/    4259 : E1                  	POP  	HL
      80/    425A : 66                  	LD  	H,(HL)  	; DATEN
      81/    425B : CD 38 03            	CALL  	DAAUS
      82/    425E : C1                  	POP  	BC
      83/    425F : 18 E7               	JR  	LSRAM5
      84/    4261 : =32DH               ADRAUS  EQU  	032DH
      85/    4261 : =338H               DAAUS  	EQU  	0338H
      86/    4261 : =2ACH               KOMDAR  EQU  	02ACH
      87/    4261 : =14BH               TASTU  	EQU  	014BH
      88/    4261 :                     	END
 AS V1.42 Beta [Bld 82] - source file L_S_RAM2_TEST.asm - page 3 - 4/10/2012 13:06:03


  symbol table (* = unused):
  ------------------------

 ADRAUS :                       32D - | *ARCHITECTURE :  i386-unknown-win32 - |
*BIGENDIAN :                      0 - | *BRANCHEXT :                      0 - |
*CASESENSITIVE :                  0 - | *CONSTPI :        3.141592653589793 - |
 DAAUS :                        338 - | *DATE :                   4/10/2012 - |
*FALSE :                          0 - | *FULLPMMU :                       1 - |
*HAS64 :                          1 - | *HASDSP :                         0 - |
*HASFPU :                         0 - | *HASPMMU :                        0 - |
*INEXTMODE :                      0 - | *INLWORDMODE :                    0 - |
*INMAXMODE :                      0 - | *INSRCMODE :                      0 - |
*INSUPMODE :                      0 - |  KOMDAR :                       2AC - |
*LISTON :                         1 - |  LSRAM1 :                      4209 C |
 LSRAM2 :                      4222 C |  LSRAM3 :                      4235 C |
*LSRAM4 :                      423B C |  LSRAM5 :                      4248 C |
 LSRAM6 :                      424D C | *MACEXP :                         1 - |
*MOMCPU :                        80 - | *MOMCPUNAME :                   Z80 - |
*NESTMAX :                      100 - | *PACKING :                        0 - |
*PADDING :                        1 - | *RELAXED :                        0 - |
 TASTU :                        14B - | *TIME :                    13:06:03 - |
*TRUE :                           1 - | *VERSION :                     142F - |

     38 symbols
     29 unused symbols

 AS V1.42 Beta [Bld 82] - source file L_S_RAM2_TEST.asm - page 4 - 4/10/2012 13:06:03


  codepages:
  ----------

STANDARD (0 changed characters)


0.08 seconds assembly time

     89 lines source file
      2 passes
      0 errors
      0 warnings
